Does the word "defeat" mean the same thing in sentences "It was a narrow defeat." and "The army's only defeat."?
Does the word "groom" mean the same thing in sentences "Groom the dogs." and "Sheila groomed the horse."?
Does the word "penetration" mean the same thing in sentences "The penetration of upper management by women." and "Any penetration, however slight, is sufficient to complete the offense."?
Does the word "hit" mean the same thing in sentences "We hit Detroit at one in the morning but kept driving through the night." and "An interesting idea hit her."?
Does the word "deliberation" mean the same thing in sentences "He was a man of judicial deliberation." and "A little deliberation would have deterred them."?
Does the word "navel" mean the same thing in sentences "They argued whether or not Adam had a navel." and "You were not supposed to show your navel on television."?
Does the word "afforest" mean the same thing in sentences "After we leave the quarry, we intend to afforest the land and turn it into a nature reserve." and "Afforest the mountains."?
Does the word "solve" mean the same thing in sentences "Solve an old debt." and "Did you solve the problem?"?
Does the word "purchase" mean the same thing in sentences "They offer a free hamburger with the purchase of a drink." and "They closed the purchase with a handshake."?
Does the word "software" mean the same thing in sentences "Did you test the software package to ensure completeness?" and "The market for software is expected to expand."?
Does the word "push" mean the same thing in sentences "Some details got lost in the push to get the project done." and "The army made a push toward the sea."?
Does the word "bake" mean the same thing in sentences "Idaho potatoes bake beautifully." and "This oven bakes potatoes."?
Does the word "relieve" mean the same thing in sentences "Relieve the pressure and the stress." and "This pill will relieve your headaches."?
Does the word "style" mean the same thing in sentences "In the characteristic New York style." and "This style of shoe is in demand."?
Does the word "crumb" mean the same thing in sentences "Crumb the table." and "Crumb a cutlet."?
Does the word "defeat" mean the same thing in sentences "The army's only defeat." and "It was a narrow defeat."?
Does the word "groom" mean the same thing in sentences "Sheila groomed the horse." and "Groom the dogs."?
Does the word "penetration" mean the same thing in sentences "Any penetration, however slight, is sufficient to complete the offense." and "The penetration of upper management by women."?
Does the word "hit" mean the same thing in sentences "An interesting idea hit her." and "We hit Detroit at one in the morning but kept driving through the night."?
Does the word "deliberation" mean the same thing in sentences "A little deliberation would have deterred them." and "He was a man of judicial deliberation."?
Does the word "navel" mean the same thing in sentences "You were not supposed to show your navel on television." and "They argued whether or not Adam had a navel."?
Does the word "afforest" mean the same thing in sentences "Afforest the mountains." and "After we leave the quarry, we intend to afforest the land and turn it into a nature reserve."?
Does the word "solve" mean the same thing in sentences "Did you solve the problem?" and "Solve an old debt."?
Does the word "purchase" mean the same thing in sentences "They closed the purchase with a handshake." and "They offer a free hamburger with the purchase of a drink."?
Does the word "software" mean the same thing in sentences "The market for software is expected to expand." and "Did you test the software package to ensure completeness?"?
Does the word "push" mean the same thing in sentences "The army made a push toward the sea." and "Some details got lost in the push to get the project done."?
Does the word "bake" mean the same thing in sentences "This oven bakes potatoes." and "Idaho potatoes bake beautifully."?
Does the word "relieve" mean the same thing in sentences "This pill will relieve your headaches." and "Relieve the pressure and the stress."?
Does the word "style" mean the same thing in sentences "This style of shoe is in demand." and "In the characteristic New York style."?
Does the word "crumb" mean the same thing in sentences "Crumb a cutlet." and "Crumb the table."?