1274
156
579
1181
761
651
713
31
96
1119
1192
34
428
44
490
119
18
937
242
903
91
240
397
1294
864
575
402
1171
961
757
1387
1023
124
1374
525
1223
980
563
381
1217
857
911
1102
451
906
615
1322
1260
257
677
541
1003
913
475
646
476
1378
700
1360
349
1285
1358
1371
1171
1095
527
872
351
1267
1304
88
947
793
184
611
1238
1363
1294
1157
970
330
675
818
1365
1196
244
1232
1057
913
607
1237
785
170
233
766
595
652
961
468
1015
1274
156
579
1181
761
651
713
31
96
1119
1192
34
428
44
490
119
18
937
242
903
91
240
397
1294
864
575
402
1171
961
757
1387
1023
124
1374
525
1223
980
563
381
1217
857
911
1102
451
906
615
1322
1260
257
677
541
1003
913
475
646
476
1378
700
1360
349
1285
1358
1371
1171
1095
527
872
351
1267
1304
88
947
793
184
611
1238
1363
1294
1157
970
330
675
818
1365
1196
244
1232
1057
913
607
1237
785
170
233
766
595
652
961
468
1015
